[partyslut.vip/index.html]
[backblue.gif]
[fade.gif]
[index.html]
[partyslut.vip/favicon.ico]
[cdn.durable.co/blocks/27ywOB2ewrVJwqbh5Y3Kkvyeg2xcbMMkuqnjZ9ox73CA6fSsFtM8lhd56bXtBncL.png]
[cdn.commoninja.com/sdk/latest/commonninja.js]
[partyslut.vip/_next/static/css/8f5c7164465b3140.css]
[partyslut.vip/_next/static/chunks/polyfills-c67a75d1b6f99dc8.js]
[partyslut.vip/_next/static/chunks/7013-d2ba0c99c471584b.js]
[partyslut.vip/_next/static/chunks/84-51889a937079d07b.js]
[partyslut.vip/_next/static/chunks/7886.4c8f3f2f49bcb95c.js]
[partyslut.vip/_next/static/chunks/6166.28cfedc234294124.js]
[partyslut.vip/_next/static/chunks/3175.6e80e63432fe2f43.js]
[partyslut.vip/_next/static/chunks/5675-ae4be361f5fc74f1.js]
[partyslut.vip/_next/static/chunks/6383.5902cee2d8a5f232.js]
[partyslut.vip/_next/static/chunks/7626.7bacb3e21d3d8d77.js]
[partyslut.vip/_next/static/chunks/165.5955aa11066386c5.js]
[partyslut.vip/_next/static/chunks/webpack-33a63788f136f2be.js]
[partyslut.vip/_next/static/chunks/framework-93b89dc25365d5c7.js]
[partyslut.vip/_next/static/chunks/main-f800f5ccdddb9df9.js]
[partyslut.vip/_next/static/chunks/pages/_app-d9a0fa173a687432.js]
[partyslut.vip/_next/static/chunks/c9184924-889d510402c9534a.js]
[partyslut.vip/_next/static/chunks/228771e0-1847fb34b4287f6e.js]
[partyslut.vip/_next/static/chunks/65291039-4f3f6955e28c2474.js]
[partyslut.vip/_next/static/chunks/1b8dab7b-31f3d25e51dea378.js]
[partyslut.vip/_next/static/chunks/8692-d865d4dd66ba2a30.js]
[partyslut.vip/_next/static/chunks/7245-045caea319f994b5.js]
[partyslut.vip/_next/static/chunks/pages/[[...slug]]-80dca3b9d7508eb3.js]
[partyslut.vip/_next/static/jDwOoOY0I90u8ZLuzglH5/_buildManifest.js]
[partyslut.vip/_next/static/jDwOoOY0I90u8ZLuzglH5/_ssgManifest.js]
[partyslut.vip/_https_/static.thenounproject.com/png/334267-200.html]
[partyslut.vip/buy-on-uniswap.html]
[cdn.durable.co/blocks/31nIxuxXSNWthvrLQnHHuXwhUxGOBPoCxKgMwKpGdZ7yfkHnMhVg5quCQMs7CHAM.png]
[partyslut.vip/index.html]
[partyslut.vip/_next/static/css/8f5c7164465b3140.css]
[partyslut.vip/_next/static/chunks/529.56e939e66e98b1f5.js]
[partyslut.vip/_https_/static.thenounproject.com/png/334267-200.html]
[partyslut.vip/buy-on-uniswap.html]
[partyslut.vip/_https_/static.thenounproject.com/png/_https_/static.thenounproject.com/png/334267-200.html]
[partyslut.vip/_https_/static.thenounproject.com/png/_https_/static.thenounproject.com/png/334267-200.html]
[partyslut.vip/_https_/static.thenounproject.com/png/_https_/static.thenounproject.com/png/_https_/static.thenounproject.com/png/334267-200.html]
[partyslut.vip/_https_/static.thenounproject.com/png/_https_/static.thenounproject.com/png/_https_/static.thenounproject.com/png/334267-200.html]
[partyslut.vip/_https_/static.thenounproject.com/png/_https_/static.thenounproject.com/png/_https_/static.thenounproject.com/png/_https_/static.thenounproject.com/png/334267-200.html]
[partyslut.vip/_https_/static.thenounproject.com/png/_https_/static.thenounproject.com/png/_https_/static.thenounproject.com/png/_https_/static.thenounproject.com/png/334267-200.html]
[partyslut.vip/_https_/static.thenounproject.com/png/_https_/static.thenounproject.com/png/_https_/static.thenounproject.com/png/_https_/static.thenounproject.com/png/_ht/334267-200.26.delaye]
[partyslut.vip/_https_/static.thenounproject.com/png/_https_/static.thenounproject.com/png/_https_/static.thenounproject.com/png/_https_/static.thenounproject.com/png/_ht/334267-200.27.delaye]
[partyslut.vip/_https_/static.thenounproject.com/png/_https_/static.thenounproject.com/png/_https_/static.thenounproject.com/png/_https_/static.thenounproject.com/png/_ht/334267-200.27.delaye]
[partyslut.vip/_https_/static.thenounproject.com/png/_https_/static.thenounproject.com/png/_https_/static.thenounproject.com/png/_https_/static.thenounproject.com/png/_ht/334267-200.28.delaye]
[partyslut.vip/_https_/static.thenounproject.com/png/_https_/static.thenounproject.com/png/_https_/static.thenounproject.com/png/_https_/static.thenounproject.com/png/_ht/334267-200.29.delaye]
[partyslut.vip/_https_/static.thenounproject.com/png/_https_/static.thenounproject.com/png/_https_/static.thenounproject.com/png/_https_/static.thenounproject.com/png/_ht/334267-200.29.delaye]
[partyslut.vip/_https_/static.thenounproject.com/png/_https_/static.thenounproject.com/png/_https_/static.thenounproject.com/png/_https_/static.thenounproject.com/png/_ht/334267-200.2a.delaye]
[partyslut.vip/_https_/static.thenounproject.com/png/_https_/static.thenounproject.com/png/_https_/static.thenounproject.com/png/_https_/static.thenounproject.com/png/_ht/334267-200.2b.delaye]
[partyslut.vip/_https_/static.thenounproject.com/png/_https_/static.thenounproject.com/png/_https_/static.thenounproject.com/png/_https_/static.thenounproject.com/png/_ht/334267-200.2b.delaye]
[partyslut.vip/_https_/static.thenounproject.com/png/_https_/static.thenounproject.com/png/_https_/static.thenounproject.com/png/_https_/static.thenounproject.com/png/_ht/334267-200.2c.delaye]
[partyslut.vip/_https_/static.thenounproject.com/png/_https_/static.thenounproject.com/png/_https_/static.thenounproject.com/png/_https_/static.thenounproject.com/png/_ht/334267-200.2d.delaye]
[partyslut.vip/_https_/static.thenounproject.com/png/_https_/static.thenounproject.com/png/_https_/static.thenounproject.com/png/_https_/static.thenounproject.com/png/_ht/334267-200.2d.delaye]
[partyslut.vip/_https_/static.thenounproject.com/png/_https_/static.thenounproject.com/png/_https_/static.thenounproject.com/png/_https_/static.thenounproject.com/png/_ht/334267-200.2e.delaye]
[partyslut.vip/_https_/static.thenounproject.com/png/_https_/static.thenounproject.com/png/_https_/static.thenounproject.com/png/_https_/static.thenounproject.com/png/_ht/334267-200.2f.delaye]
[partyslut.vip/_https_/static.thenounproject.com/png/_https_/static.thenounproject.com/png/_https_/static.thenounproject.com/png/_https_/static.thenounproject.com/png/_ht/334267-200.2f.delaye]
[partyslut.vip/_https_/static.thenounproject.com/png/_https_/static.thenounproject.com/png/_https_/static.thenounproject.com/png/_https_/static.thenounproject.com/png/_ht/334267-200.30.delaye]
[partyslut.vip/_https_/static.thenounproject.com/png/_https_/static.thenounproject.com/png/_https_/static.thenounproject.com/png/_https_/static.thenounproject.com/png/_ht/334267-200.31.delaye]
[partyslut.vip/_https_/static.thenounproject.com/png/_https_/static.thenounproject.com/png/_https_/static.thenounproject.com/png/_https_/static.thenounproject.com/png/_ht/334267-200.31.delaye]
[partyslut.vip/_https_/static.thenounproject.com/png/_https_/static.thenounproject.com/png/_https_/static.thenounproject.com/png/_https_/static.thenounproject.com/png/_ht/334267-200.32.delaye]
[partyslut.vip/_https_/static.thenounproject.com/png/_https_/static.thenounproject.com/png/_https_/static.thenounproject.com/png/_https_/static.thenounproject.com/png/_ht/334267-200.33.delaye]
[partyslut.vip/_https_/static.thenounproject.com/png/_https_/static.thenounproject.com/png/_https_/static.thenounproject.com/png/_https_/static.thenounproject.com/png/_ht/334267-200.33.delaye]
[partyslut.vip/_https_/static.thenounproject.com/png/_https_/static.thenounproject.com/png/_https_/static.thenounproject.com/png/_https_/static.thenounproject.com/png/_ht/334267-200.34.delaye]
[partyslut.vip/_https_/static.thenounproject.com/png/_https_/static.thenounproject.com/png/_https_/static.thenounproject.com/png/_https_/static.thenounproject.com/png/_ht/334267-200.35.delaye]
[partyslut.vip/_https_/static.thenounproject.com/png/_https_/static.thenounproject.com/png/_https_/static.thenounproject.com/png/_https_/static.thenounproject.com/png/_ht/334267-200.35.delaye]
[partyslut.vip/_https_/static.thenounproject.com/png/_https_/static.thenounproject.com/png/_https_/static.thenounproject.com/png/_https_/static.thenounproject.com/png/_ht/334267-200.36.delaye]
[partyslut.vip/_https_/static.thenounproject.com/png/_https_/static.thenounproject.com/png/_https_/static.thenounproject.com/png/_https_/static.thenounproject.com/png/_ht/334267-200.37.delaye]
[partyslut.vip/_https_/static.thenounproject.com/png/_https_/static.thenounproject.com/png/_https_/static.thenounproject.com/png/_https_/static.thenounproject.com/png/_ht/334267-200.37.delaye]
[partyslut.vip/_https_/static.thenounproject.com/png/_https_/static.thenounproject.com/png/_https_/static.thenounproject.com/png/_https_/static.thenounproject.com/png/_ht/334267-200.38.delaye]
[partyslut.vip/_https_/static.thenounproject.com/png/_https_/static.thenounproject.com/png/_https_/static.thenounproject.com/png/_https_/static.thenounproject.com/png/_ht/334267-200.39.delaye]
[partyslut.vip/_https_/static.thenounproject.com/png/_https_/static.thenounproject.com/png/_https_/static.thenounproject.com/png/_https_/static.thenounproject.com/png/_ht/334267-200.39.delaye]
[partyslut.vip/_https_/static.thenounproject.com/png/_https_/static.thenounproject.com/png/_https_/static.thenounproject.com/png/_https_/static.thenounproject.com/png/_ht/334267-200.3a.delaye]
[partyslut.vip/_https_/static.thenounproject.com/png/_https_/static.thenounproject.com/png/_https_/static.thenounproject.com/png/_https_/static.thenounproject.com/png/_ht/334267-200.3b.delaye]
[partyslut.vip/_https_/static.thenounproject.com/png/_https_/static.thenounproject.com/png/_https_/static.thenounproject.com/png/_https_/static.thenounproject.com/png/_ht/334267-200.3b.delaye]
[partyslut.vip/_https_/static.thenounproject.com/png/_https_/static.thenounproject.com/png/_https_/static.thenounproject.com/png/_https_/static.thenounproject.com/png/_ht/334267-200.3c.delaye]
[partyslut.vip/_https_/static.thenounproject.com/png/_https_/static.thenounproject.com/png/_https_/static.thenounproject.com/png/_https_/static.thenounproject.com/png/_ht/334267-200.3d.delaye]
[partyslut.vip/_https_/static.thenounproject.com/png/_https_/static.thenounproject.com/png/_https_/static.thenounproject.com/png/_https_/static.thenounproject.com/png/_ht/334267-200.3d.delaye]
[partyslut.vip/_https_/static.thenounproject.com/png/_https_/static.thenounproject.com/png/_https_/static.thenounproject.com/png/_https_/static.thenounproject.com/png/_ht/334267-200.3e.delaye]
[partyslut.vip/_https_/static.thenounproject.com/png/_https_/static.thenounproject.com/png/_https_/static.thenounproject.com/png/_https_/static.thenounproject.com/png/_ht/334267-200.3f.delaye]
[partyslut.vip/_https_/static.thenounproject.com/png/_https_/static.thenounproject.com/png/_https_/static.thenounproject.com/png/_https_/static.thenounproject.com/png/_ht/334267-200.3f.delaye]
[partyslut.vip/_https_/static.thenounproject.com/png/_https_/static.thenounproject.com/png/_https_/static.thenounproject.com/png/_https_/static.thenounproject.com/png/_ht/334267-200.40.delaye]
[partyslut.vip/_https_/static.thenounproject.com/png/_https_/static.thenounproject.com/png/_https_/static.thenounproject.com/png/_https_/static.thenounproject.com/png/_ht/334267-200.41.delaye]
[partyslut.vip/_https_/static.thenounproject.com/png/_https_/static.thenounproject.com/png/_https_/static.thenounproject.com/png/_https_/static.thenounproject.com/png/_ht/334267-200.41.delaye]
[partyslut.vip/_https_/static.thenounproject.com/png/_https_/static.thenounproject.com/png/_https_/static.thenounproject.com/png/_https_/static.thenounproject.com/png/_ht/334267-200.42.delaye]
[partyslut.vip/_https_/static.thenounproject.com/png/_https_/static.thenounproject.com/png/_https_/static.thenounproject.com/png/_https_/static.thenounproject.com/png/_ht/334267-200.43.delaye]
[partyslut.vip/_https_/static.thenounproject.com/png/_https_/static.thenounproject.com/png/_https_/static.thenounproject.com/png/_https_/static.thenounproject.com/png/_ht/334267-200.43.delaye]
[partyslut.vip/_https_/static.thenounproject.com/png/_https_/static.thenounproject.com/png/_https_/static.thenounproject.com/png/_https_/static.thenounproject.com/png/_ht/334267-200.44.delaye]
[partyslut.vip/_https_/static.thenounproject.com/png/_https_/static.thenounproject.com/png/_https_/static.thenounproject.com/png/_https_/static.thenounproject.com/png/_ht/334267-200.45.delaye]
[partyslut.vip/_https_/static.thenounproject.com/png/_https_/static.thenounproject.com/png/_https_/static.thenounproject.com/png/_https_/static.thenounproject.com/png/_ht/334267-200.45.delaye]
[partyslut.vip/_https_/static.thenounproject.com/png/_https_/static.thenounproject.com/png/_https_/static.thenounproject.com/png/_https_/static.thenounproject.com/png/_ht/334267-200.46.delaye]
[partyslut.vip/_https_/static.thenounproject.com/png/_https_/static.thenounproject.com/png/_https_/static.thenounproject.com/png/_https_/static.thenounproject.com/png/_ht/334267-200.47.delaye]
[partyslut.vip/_https_/static.thenounproject.com/png/_https_/static.thenounproject.com/png/_https_/static.thenounproject.com/png/_https_/static.thenounproject.com/png/_ht/334267-200.47.delaye]
[partyslut.vip/_https_/static.thenounproject.com/png/_https_/static.thenounproject.com/png/_https_/static.thenounproject.com/png/_https_/static.thenounproject.com/png/_ht/334267-200.48.delaye]
[partyslut.vip/_https_/static.thenounproject.com/png/_https_/static.thenounproject.com/png/_https_/static.thenounproject.com/png/_https_/static.thenounproject.com/png/_ht/334267-200.49.delaye]
[partyslut.vip/_https_/static.thenounproject.com/png/_https_/static.thenounproject.com/png/_https_/static.thenounproject.com/png/_https_/static.thenounproject.com/png/_ht/334267-200.49.delaye]
[partyslut.vip/_https_/static.thenounproject.com/png/_https_/static.thenounproject.com/png/_https_/static.thenounproject.com/png/_https_/static.thenounproject.com/png/_ht/334267-200.4a.delaye]
[partyslut.vip/_https_/static.thenounproject.com/png/_https_/static.thenounproject.com/png/_https_/static.thenounproject.com/png/_https_/static.thenounproject.com/png/_ht/334267-200.4b.delaye]
[partyslut.vip/_https_/static.thenounproject.com/png/_https_/static.thenounproject.com/png/_https_/static.thenounproject.com/png/_https_/static.thenounproject.com/png/_ht/334267-200.4b.delaye]
[partyslut.vip/_https_/static.thenounproject.com/png/_https_/static.thenounproject.com/png/_https_/static.thenounproject.com/png/_https_/static.thenounproject.com/png/_ht/334267-200.4c.delaye]
[partyslut.vip/_https_/static.thenounproject.com/png/_https_/static.thenounproject.com/png/_https_/static.thenounproject.com/png/_https_/static.thenounproject.com/png/_ht/334267-200.4d.delaye]
[partyslut.vip/_https_/static.thenounproject.com/png/_https_/static.thenounproject.com/png/_https_/static.thenounproject.com/png/_https_/static.thenounproject.com/png/_ht/334267-200.4d.delaye]
[partyslut.vip/_https_/static.thenounproject.com/png/_https_/static.thenounproject.com/png/_https_/static.thenounproject.com/png/_https_/static.thenounproject.com/png/_ht/334267-200.4e.delaye]
[partyslut.vip/_https_/static.thenounproject.com/png/_https_/static.thenounproject.com/png/_https_/static.thenounproject.com/png/_https_/static.thenounproject.com/png/_ht/334267-200.4f.delaye]
[partyslut.vip/_https_/static.thenounproject.com/png/_https_/static.thenounproject.com/png/_https_/static.thenounproject.com/png/_https_/static.thenounproject.com/png/_ht/334267-200.4f.delaye]
